Script started on Sat May  2 04:42:24 2015
[?1034hbash-3.2$ ls[K[Kls
exec.script ls.script
bash-3.2$ cd ..
bash-3.2$ bin/ls

\           [1;34mbin        [0m LICENSE     
Makefile    README.md   [1;34msrc        [0m [1;34mtests      [0m 
bash-3.2$ bin/ls[K[K[K[K[K[Krm -rf bin
bash-3.2$ make
#echo "CREATED BIN DIRECTORY IN ROOT DIRECTORY"
mkdir bin
# goes to source folder where main.cpp is and compiles to executable named rshell
cd src && g++ -Wall -Werror -ansi -pedantic -o rshell main.cpp
# moves into src directory and moves rshell.out (executable) into bin directory 
cd src && mv rshell ../bin		
#echo "LAUNCHING NEW RSHELL SESSION"
#cd bin && rshell
#DELETES THE BIN DIRECTORY UPON EXITING OF rshell 
#make clean
make ls
cd src && g++ -Wall -Werror -ansi -pedantic -o ls ls.cpp
cd src && mv ls ../bin
cd bin && ./ls

[1;32mls      [0m [1;32mrshell  [0m 
#make cp
cd src && g++ -Wall -Werror -ansi -pedantic -o ls ls.cpp
cd src && mv ls ../bin
cd bin && ./ls

[1;32mls      [0m [1;32mrshell  [0m 
#make cp
cd src && g++ -Wall -Werror -ansi -pedantic -o cp cp.cpp
cd src && mv cp ../bin
bash-3.2$ # My ls and s[Krshell are green[K[K[K[K[KGREEN here but[C buts buti butn butc bute but[C butt buth bute buty but[C buta butr bute but[C bute butx bute butc butu butt buta butb butl bute buts but[C butb butu butt but[C butt but [A[C[C[C[C[C[C[C[C[C[C[C[C[C[C[C[C[C[C[C[C[C[C[C[C[C[C[C[C[C[C[C[C[C[C[C[C[C[C[C[C[C[C[C[C[C[C[C[C[C[C[C[C[C[C[C[C[C[C[C[C[C[C[C[C[C[C[C[C[C[C[C[C[C[C[Ch butt[A[C[C[C[C[C[C[C[C[C[C[C[C[C[C[C[C[C[C[C[C[C[C[C[C[C[C[C[C[C[C[C[C[C[C[C[C[C[C[C[C[C[C[C[C[C[C[C[C[C[C[C[C[C[C[C[C[C[C[C[C[C[C[C[C[C[C[C[C[C[C[C[C[C[C[C[Ce but[A[C[C[C[C[C[C[C[C[C[C[C[C[C[C[C[C[C[C[C[C[C[C[C[C[C[C[C[C[C[C[C[C[C[C[C[C[C[C[C[C[C[C[C[C[C[C[C[C[C[C[C[C[C[C[C[C[C[C[C[C[C[C[C[C[C[C[C[C[C[C[C[C[C[C[C[Cy but[A[C[C[C[C[C[C[C[C[C[C[C[C[C[C[C[C[C[C[C[C[C[C[C[C[C[C[C[C[C[C[C[C[C[C[C[C[C[C[C[C[C[C[C[C[C[C[C[C[C[C[C[C[C[C[C[C[C[C[C[C[C[C[C[C[C[C[C[C[C[C[C[C[C[C[C[C
 butt but[Cu but[C[Cr butn but[C but[C[C[C[C[K[K[K[Kblue everywhere else for some reaon[K[Kson
bash-3.2$ bin/ls

\           [1;34mbin        [0m LICENSE     
Makefile    README.md   [1;34msrc        [0m [1;34mtests      [0m 
bash-3.2$ bin/ls -a

[1;34m[1;40m.              [0m[0m 
[1;34m[1;40m..             [0m[0m [1;34m[1;40m.git           [0m[0m \               [1;34mbin            [0m LICENSE         
Makefile        README.md       [1;34msrc            [0m [1;34mtests          [0m 
bash-3.2$ bin/ls -a[Kl

total 16
-rw-r--r-- 1 JuanRuelas staff  255 May 02 04:41 \ 
drwxr-xr-x 5 JuanRuelas staff  170 May 02 04:43 [1;34mbin[0m 
-rw-r--r-- 1 JuanRuelas staff 1079 May 02 04:41 LICENSE 
-rw-r--r-- 1 JuanRuelas staff 1315 May 02 04:41 Makefile 
-rw-r--r-- 1 JuanRuelas staff 2865 May 02 04:41 README.md 
drwxr-xr-x 8 JuanRuelas staff  272 May 02 04:43 [1;34msrc[0m 
drwxr-xr-x 4 JuanRuelas staff  136 May 02 04:42 [1;34mtests[0m 
bash-3.2$ bin/ls -l -l

total 16
-rw-r--r-- 1 JuanRuelas staff  255 May 02 04:41 \ 
drwxr-xr-x 5 JuanRuelas staff  170 May 02 04:43 [1;34mbin[0m 
-rw-r--r-- 1 JuanRuelas staff 1079 May 02 04:41 LICENSE 
-rw-r--r-- 1 JuanRuelas staff 1315 May 02 04:41 Makefile 
-rw-r--r-- 1 JuanRuelas staff 2865 May 02 04:41 README.md 
drwxr-xr-x 8 JuanRuelas staff  272 May 02 04:43 [1;34msrc[0m 
drwxr-xr-x 4 JuanRuelas staff  136 May 02 04:42 [1;34mtests[0m 
bash-3.2$ bin/ls -l -l[Ka

total 16
drwxr-xr-x 10 JuanRuelas staff  340 May 02 04:43 [1;34m[1;40m.[0m[0m 
drwx------ 18 JuanRuelas staff  612 May 02 04:41 [1;34m[1;40m..[0m[0m 
drwxr-xr-x 12 JuanRuelas staff  408 May 02 04:41 [1;34m[1;40m.git[0m[0m 
-rw-r--r-- 1 JuanRuelas staff  255 May 02 04:41 \ 
drwxr-xr-x 5 JuanRuelas staff  170 May 02 04:43 [1;34mbin[0m 
-rw-r--r-- 1 JuanRuelas staff 1079 May 02 04:41 LICENSE 
-rw-r--r-- 1 JuanRuelas staff 1315 May 02 04:41 Makefile 
-rw-r--r-- 1 JuanRuelas staff 2865 May 02 04:41 README.md 
drwxr-xr-x 8 JuanRuelas staff  272 May 02 04:43 [1;34msrc[0m 
drwxr-xr-x 4 JuanRuelas staff  136 May 02 04:42 [1;34mtests[0m 
bash-3.2$ bin/ls -l -a[K[K[K[Kal

total 16
drwxr-xr-x 10 JuanRuelas staff  340 May 02 04:43 [1;34m[1;40m.[0m[0m 
drwx------ 18 JuanRuelas staff  612 May 02 04:41 [1;34m[1;40m..[0m[0m 
drwxr-xr-x 12 JuanRuelas staff  408 May 02 04:41 [1;34m[1;40m.git[0m[0m 
-rw-r--r-- 1 JuanRuelas staff  255 May 02 04:41 \ 
drwxr-xr-x 5 JuanRuelas staff  170 May 02 04:43 [1;34mbin[0m 
-rw-r--r-- 1 JuanRuelas staff 1079 May 02 04:41 LICENSE 
-rw-r--r-- 1 JuanRuelas staff 1315 May 02 04:41 Makefile 
-rw-r--r-- 1 JuanRuelas staff 2865 May 02 04:41 README.md 
drwxr-xr-x 8 JuanRuelas staff  272 May 02 04:43 [1;34msrc[0m 
drwxr-xr-x 4 JuanRuelas staff  136 May 02 04:42 [1;34mtests[0m 
bash-3.2$ bin/ls -al[K[K[K~/

[1;34mApplications                        [0m 
[1;34mApplications (Parallels)            [0m [1;34mDesktop                             [0m [1;34mDocuments                           [0m [1;34mDownloads                           [0m [1;34mhello there                         [0m 
[1;34mhhvm                                [0m [1;34mKobold2D                            [0m [1;34mLibrary                             [0m [1;34mMovies                              [0m [1;34mMusic                               [0m 
[1;34mPictures                            [0m [1;34mPublic                              [0m [1;34mSamsung                             [0m [1;34mtutorial                            [0m 
bash-3.2$ bin/ls ~/Desktop

[1;34m10A-Solutions_to_PraMid.pdf[0m [1;34m15S-10A-PraMid.pdf         [0m 
[1;34m9810449_orig.png           [0m [1;34mClasses                    [0m [1;34mHTML Workshop              [0m [1;34mIdeas and shit.docx        [0m [1;34mlab3 2                     [0m 
[1;34mlinux.words                [0m [1;34mrshell                     [0m [1;34mrshell-2.0                 [0m [1;34mshellTest                  [0m [1;34mucr-cs100                  [0m 
[1;34mUniversal                  [0m [1;34mWeb-Learning               [0m 
bash-3.2$ bin/ls ~/Desktop -a

[1;34m[1;40m.                                      [0m[0m 
[1;34m[1;40m..                                     [0m[0m [1;34m[1;40m.DS_Store                              [0m[0m [1;34m[1;40m.localized                             [0m[0m [1;34m10A-Solutions_to_PraMid.pdf            [0m [1;34m15S-10A-PraMid.pdf                     [0m 
[1;34m9810449_orig.png                       [0m [1;34mClasses                                [0m [1;34mHTML Workshop                          [0m [1;34mIdeas and shit.docx                    [0m [1;34mlab3 2                                 [0m 
[1;34mlinux.words                            [0m [1;34mrshell                                 [0m [1;34mrshell-2.0                             [0m [1;34mshellTest                              [0m [1;34mucr-cs100                              [0m 
[1;34mUniversal                              [0m [1;34mWeb-Learning                           [0m 
bash-3.2$ bin/ls ~/Desktop -al

total 0
drwxr-xr-x 10 JuanRuelas staff 340 May 02 04:43 [1;34m[1;40m.[0m[0m 
drwx------ 18 JuanRuelas staff 612 May 02 04:41 [1;34m[1;40m..[0m[0m 
drwx------ 18 JuanRuelas staff 612 May 02 04:41 [1;34m[1;40m.DS_Store[0m[0m 
drwx------ 18 JuanRuelas staff 612 May 02 04:41 [1;34m[1;40m.localized[0m[0m 
drwx------ 18 JuanRuelas staff 612 May 02 04:41 [1;34m10A-Solutions_to_PraMid.pdf[0m 
drwx------ 18 JuanRuelas staff 612 May 02 04:41 [1;34m15S-10A-PraMid.pdf[0m 
drwx------ 18 JuanRuelas staff 612 May 02 04:41 [1;34m9810449_orig.png[0m 
drwx------ 18 JuanRuelas staff 612 May 02 04:41 [1;34mClasses[0m 
drwx------ 18 JuanRuelas staff 612 May 02 04:41 [1;34mHTML Workshop[0m 
drwx------ 18 JuanRuelas staff 612 May 02 04:41 [1;34mIdeas and shit.docx[0m 
drwx------ 18 JuanRuelas staff 612 May 02 04:41 [1;34mlab3 2[0m 
drwx------ 18 JuanRuelas staff 612 May 02 04:41 [1;34mlinux.words[0m 
drwx------ 18 JuanRuelas staff 612 May 02 04:41 [1;34mrshell[0m 
drwx------ 18 JuanRuelas staff 612 May 02 04:41 [1;34mrshell-2.0[0m 
drwx------ 18 JuanRuelas staff 612 May 02 04:41 [1;34mshellTest[0m 
drwx------ 18 JuanRuelas staff 612 May 02 04:41 [1;34mucr-cs100[0m 
drwx------ 18 JuanRuelas staff 612 May 02 04:41 [1;34mUniversal[0m 
drwx------ 18 JuanRuelas staff 612 May 02 04:41 [1;34mWeb-Learning[0m 
bash-3.2$ bin/ls ~/Desktop -alr

Sorry, this feature is not available yet! :( 
bash-3.2$ bin/ls ~/Desktop -alr[K[K[K[K[K[K[K[K[K[K[K[K[K[K-R

Sorry, this feature is not available yet! :( 
bash-3.2$ bin/ls -R[Kra

Sorry, this feature is not available yet! :( 
bash-3.2$ bin/ls -ra[Kl

Sorry, this feature is not available yet! :( 
bash-3.2$ bin/ls -rl[K[K[K-

\           [1;34mbin        [0m LICENSE     
Makefile    README.md   [1;34msrc        [0m [1;34mtests      [0m 
bash-3.2$ bin/ls -[K../

[1;34m10A-Solutions_to_PraMid.pdf[0m [1;34m15S-10A-PraMid.pdf         [0m 
[1;34m9810449_orig.png           [0m [1;34mClasses                    [0m [1;34mHTML Workshop              [0m [1;34mIdeas and shit.docx        [0m [1;34mlab3 2                     [0m 
[1;34mlinux.words                [0m [1;34mrshell                     [0m [1;34mrshell-2.0                 [0m [1;34mshellTest                  [0m [1;34mucr-cs100                  [0m 
[1;34mUniversal                  [0m [1;34mWeb-Learning               [0m 
bash-3.2$ bin/ls ../..[K.

[1;34mApplications                        [0m 
[1;34mApplications (Parallels)            [0m [1;34mDesktop                             [0m [1;34mDocuments                           [0m [1;34mDownloads                           [0m [1;34mhello there                         [0m 
[1;34mhhvm                                [0m [1;34mKobold2D                            [0m [1;34mLibrary                             [0m [1;34mMovies                              [0m [1;34mMusic                               [0m 
[1;34mPictures                            [0m [1;34mPublic                              [0m [1;34mSamsung                             [0m [1;34mtutorial                            [0m 
bash-3.2$ bin/ls ../../[K[K[K[K[K[Kbin/..

\           [1;34mbin        [0m LICENSE     
Makefile    README.md   [1;34msrc        [0m [1;34mtests      [0m 
bash-3.2$ bin/ls bin/../[K/src

[1;34mcp.cpp           [0m [1;34mfunctions.h      [0m [1;34mls.cpp           [0m [1;34mls.h             [0m 
[1;34mmain.cpp         [0m [1;34mTimer.h          [0m 
bash-3.2$ bin/ls bin/../src[K[K[K[K[K[K

[1;34mcp      [0m [1;34mls      [0m [1;34mrshell  [0m 
bash-3.2$ #HEre [K[K[K[Kere my cp, sl[K[Kls and rshell are in blue instead of green! Id [K[K don't know  why [K[K[K[K[A[C[C[C[C[C[C[C[C[C[C[C[C[C[C[C[C[C[C[C[C[C[C[C[C[C[C[C[C[C[C[C[C[C[C[C[C[C[C[C[C[C[C[C[C[C[C[C[C[C[C[C[C[C[C[C[C[C[C[C[C[C[C[C[C[C[C[C[C[C[C[C[C[C[C[C[C[C[C[C[K
[K[A[C[C[C[C[C[C[C[C[C[C[C[C[C[C[C[C[C[C[C[C[C[C[C[C[C[C[C[C[C[C[C[C[C[C[C[C[C[C[C[C[C[C[C[C[C[C[C[C[C[C[C[C[C[C[C[C[C[C[C[C[C[C[C[C[C[C[C[C[C[C[C[C[C[C[C[C[C[C[C[K[K[K[K[K[K[K[K[K[K[K[K[K[K[K[K[K[K[K[K[K[K[K[K[K[K[K[K[K[K[K[K[K[K[K[K[K[K[K[K[K[K[K[K[K[K[K[K[K[K[K[K[K[K[K[K[K[K[K[K[K[K[K[K[K[K[K[K[Kd[K
bash-3.2$ #here m[K[K[K[K[K[K[Kbin/ls bin/

[1;34mcp      [0m [1;34mls      [0m [1;34mrshell  [0m 
bash-3.2$ #here my ls and cp and rshell are s[Kblue insteado[K of green. I don't know  why
bash-3.2$ # They keep[K[K[K[Kchanged from originally green to blue
bash-3.2$ bin/ls 

\           [1;34mbin        [0m LICENSE     
Makefile    README.md   [1;34msrc        [0m [1;34mtests      [0m 
bash-3.2$ exit
exit

Script done on Sat May  2 04:48:22 2015
